// Jest Snapshot v1, https://goo.gl/fbAQLP

exports[`MyComponent Verify the class Name 1`] = `
<div
  className="container-fluid"
>
  <Redirect
    to="/login"
  />
  <div
    className="card-fluid shadow-sm p-3 mb-5 rounded text-left"
  />
</div>
`;
